{
  "description": "Tests empirical claim detection - crime and video games need evidence, bachelor definition doesn't",
  "must_find": ["missing_link", "unsupported_premise"],
  "may_find": [],
  "must_not_find": ["circular", "false_dichotomy"]
}