{
  "must_find": [],
  "may_find": [],
  "must_not_find": []
}