{
  "must_find": [
    "contradiction"
  ],
  "may_find": [],
  "must_not_find": []
}