{
  "must_find": ["slippery_slope"],
  "may_find": ["unsupported_premise"],
  "must_not_find": ["circular", "missing_link", "false_dichotomy"]
}