{
  "must_find": ["missing_link"],
  "may_find": [],
  "must_not_find": []
}
